Archive member included to satisfy reference by file (symbol)

/home/cu_cai/.local/xPacks/@xpack-dev-tools/arm-none-eabi-gcc/12.2.1-1.2.1/.content/bin/../lib/gcc/arm-none-eabi/12.2.1/../../../../arm-none-eabi/lib/thumb/v7-m/nofp/libg_nano.a(libc_a-atoi.o)
                              ./src/main.o (atoi)
/home/cu_cai/.local/xPacks/@xpack-dev-tools/arm-none-eabi-gcc/12.2.1-1.2.1/.content/bin/../lib/gcc/arm-none-eabi/12.2.1/../../../../arm-none-eabi/lib/thumb/v7-m/nofp/libg_nano.a(libc_a-strtol.o)
                              /home/cu_cai/.local/xPacks/@xpack-dev-tools/arm-none-eabi-gcc/12.2.1-1.2.1/.content/bin/../lib/gcc/arm-none-eabi/12.2.1/../../../../arm-none-eabi/lib/thumb/v7-m/nofp/libg_nano.a(libc_a-atoi.o) (_strtol_r)
/home/cu_cai/.local/xPacks/@xpack-dev-tools/arm-none-eabi-gcc/12.2.1-1.2.1/.content/bin/../lib/gcc/arm-none-eabi/12.2.1/../../../../arm-none-eabi/lib/thumb/v7-m/nofp/libg_nano.a(libc_a-ctype_.o)
                              ./system/src/newlib/syscalls.o (_ctype_)
/home/cu_cai/.local/xPacks/@xpack-dev-tools/arm-none-eabi-gcc/12.2.1-1.2.1/.content/bin/../lib/gcc/arm-none-eabi/12.2.1/../../../../arm-none-eabi/lib/thumb/v7-m/nofp/libg_nano.a(libc_a-vsnprintf.o)
                              ./system/src/diag/trace.o (vsnprintf)
/home/cu_cai/.local/xPacks/@xpack-dev-tools/arm-none-eabi-gcc/12.2.1-1.2.1/.content/bin/../lib/gcc/arm-none-eabi/12.2.1/../../../../arm-none-eabi/lib/thumb/v7-m/nofp/libg_nano.a(libc_a-memset.o)
                              ./system/src/newlib/syscalls.o (memset)
/home/cu_cai/.local/xPacks/@xpack-dev-tools/arm-none-eabi-gcc/12.2.1-1.2.1/.content/bin/../lib/gcc/arm-none-eabi/12.2.1/../../../../arm-none-eabi/lib/thumb/v7-m/nofp/libg_nano.a(libc_a-strncpy.o)
                              ./system/src/newlib/syscalls.o (strncpy)
/home/cu_cai/.local/xPacks/@xpack-dev-tools/arm-none-eabi-gcc/12.2.1-1.2.1/.content/bin/../lib/gcc/arm-none-eabi/12.2.1/../../../../arm-none-eabi/lib/thumb/v7-m/nofp/libg_nano.a(libc_a-impure.o)
                              /home/cu_cai/.local/xPacks/@xpack-dev-tools/arm-none-eabi-gcc/12.2.1-1.2.1/.content/bin/../lib/gcc/arm-none-eabi/12.2.1/../../../../arm-none-eabi/lib/thumb/v7-m/nofp/libg_nano.a(libc_a-strtol.o) (_impure_ptr)
/home/cu_cai/.local/xPacks/@xpack-dev-tools/arm-none-eabi-gcc/12.2.1-1.2.1/.content/bin/../lib/gcc/arm-none-eabi/12.2.1/../../../../arm-none-eabi/lib/thumb/v7-m/nofp/libg_nano.a(libc_a-errno.o)
                              ./system/src/newlib/sbrk.o (__errno)
/home/cu_cai/.local/xPacks/@xpack-dev-tools/arm-none-eabi-gcc/12.2.1-1.2.1/.content/bin/../lib/gcc/arm-none-eabi/12.2.1/../../../../arm-none-eabi/lib/thumb/v7-m/nofp/libg_nano.a(libc_a-strcmp.o)
                              ./system/src/cortexm/exception-handlers.o (strcmp)
/home/cu_cai/.local/xPacks/@xpack-dev-tools/arm-none-eabi-gcc/12.2.1-1.2.1/.content/bin/../lib/gcc/arm-none-eabi/12.2.1/../../../../arm-none-eabi/lib/thumb/v7-m/nofp/libg_nano.a(libc_a-strlen.o)
                              ./system/src/newlib/syscalls.o (strlen)
/home/cu_cai/.local/xPacks/@xpack-dev-tools/arm-none-eabi-gcc/12.2.1-1.2.1/.content/bin/../lib/gcc/arm-none-eabi/12.2.1/../../../../arm-none-eabi/lib/thumb/v7-m/nofp/libg_nano.a(libc_a-nano-svfprintf.o)
                              /home/cu_cai/.local/xPacks/@xpack-dev-tools/arm-none-eabi-gcc/12.2.1-1.2.1/.content/bin/../lib/gcc/arm-none-eabi/12.2.1/../../../../arm-none-eabi/lib/thumb/v7-m/nofp/libg_nano.a(libc_a-vsnprintf.o) (_svfprintf_r)
/home/cu_cai/.local/xPacks/@xpack-dev-tools/arm-none-eabi-gcc/12.2.1-1.2.1/.content/bin/../lib/gcc/arm-none-eabi/12.2.1/../../../../arm-none-eabi/lib/thumb/v7-m/nofp/libg_nano.a(libc_a-nano-vfprintf_i.o)
                              /home/cu_cai/.local/xPacks/@xpack-dev-tools/arm-none-eabi-gcc/12.2.1-1.2.1/.content/bin/../lib/gcc/arm-none-eabi/12.2.1/../../../../arm-none-eabi/lib/thumb/v7-m/nofp/libg_nano.a(libc_a-nano-svfprintf.o) (_printf_i)
/home/cu_cai/.local/xPacks/@xpack-dev-tools/arm-none-eabi-gcc/12.2.1-1.2.1/.content/bin/../lib/gcc/arm-none-eabi/12.2.1/../../../../arm-none-eabi/lib/thumb/v7-m/nofp/libg_nano.a(libc_a-memmove.o)
                              /home/cu_cai/.local/xPacks/@xpack-dev-tools/arm-none-eabi-gcc/12.2.1-1.2.1/.content/bin/../lib/gcc/arm-none-eabi/12.2.1/../../../../arm-none-eabi/lib/thumb/v7-m/nofp/libg_nano.a(libc_a-nano-svfprintf.o) (memmove)
/home/cu_cai/.local/xPacks/@xpack-dev-tools/arm-none-eabi-gcc/12.2.1-1.2.1/.content/bin/../lib/gcc/arm-none-eabi/12.2.1/../../../../arm-none-eabi/lib/thumb/v7-m/nofp/libg_nano.a(libc_a-memchr-stub.o)
                              /home/cu_cai/.local/xPacks/@xpack-dev-tools/arm-none-eabi-gcc/12.2.1-1.2.1/.content/bin/../lib/gcc/arm-none-eabi/12.2.1/../../../../arm-none-eabi/lib/thumb/v7-m/nofp/libg_nano.a(libc_a-nano-svfprintf.o) (memchr)
[...]
Memory Configuration

Name             Origin             Length             Attributes
RAM              0x0000000020000000 0x0000000000005000 xrw
CCMRAM           0x0000000000000000 0x0000000000000000 xrw
FLASH            0x0000000008000000 0x0000000000020000 xr
FLASHB1          0x0000000000000000 0x0000000000000000 xr
EXTMEMB0         0x0000000000000000 0x0000000000000000 xr
EXTMEMB1         0x0000000000000000 0x0000000000000000 xr
EXTMEMB2         0x0000000000000000 0x0000000000000000 xr
EXTMEMB3         0x0000000000000000 0x0000000000000000 xr
MEMORY_ARRAY     0x0000000000000000 0x0000000000000000 xrw
*default*        0x0000000000000000 0xffffffffffffffff

Linker script and memory map

LOAD ./system/src/stm32f1-hal/stm32f1xx_hal.o
LOAD ./system/src/stm32f1-hal/stm32f1xx_hal_cortex.o
LOAD ./system/src/stm32f1-hal/stm32f1xx_hal_flash.o
LOAD ./system/src/stm32f1-hal/stm32f1xx_hal_flash_ex.o
LOAD ./system/src/stm32f1-hal/stm32f1xx_hal_gpio.o
LOAD ./system/src/stm32f1-hal/stm32f1xx_hal_gpio_ex.o
LOAD ./system/src/stm32f1-hal/stm32f1xx_hal_iwdg.o
LOAD ./system/src/stm32f1-hal/stm32f1xx_hal_pwr.o
LOAD ./system/src/stm32f1-hal/stm32f1xx_hal_rcc.o
LOAD ./system/src/newlib/assert.o
LOAD ./system/src/newlib/cxx.o
LOAD ./system/src/newlib/exit.o
LOAD ./system/src/newlib/sbrk.o
LOAD ./system/src/newlib/startup.o
LOAD ./system/src/newlib/syscalls.o
LOAD ./system/src/diag/trace-impl.o
LOAD ./system/src/diag/trace.o
LOAD ./system/src/cortexm/exception-handlers.o
LOAD ./system/src/cortexm/initialize-hardware.o
LOAD ./system/src/cortexm/reset-hardware.o
LOAD ./system/src/cmsis/system_stm32f1xx.o
LOAD ./system/src/cmsis/vectors_stm32f103x6.o
LOAD ./src/initialize-hardware.o
LOAD ./src/main.o
LOAD ./src/stm32f1xx_hal_msp.o
LOAD ./src/write.o
LOAD /home/cu_cai/.local/xPacks/@xpack-dev-tools/arm-none-eabi-gcc/12.2.1-1.2.1/.content/bin/../lib/gcc/arm-none-eabi/12.2.1/../../../../arm-none-eabi/lib/thumb/v7-m/nofp/libstdc++_nano.a
LOAD /home/cu_cai/.local/xPacks/@xpack-dev-tools/arm-none-eabi-gcc/12.2.1-1.2.1/.content/bin/../lib/gcc/arm-none-eabi/12.2.1/../../../../arm-none-eabi/lib/thumb/v7-m/nofp/libm.a
START GROUP
LOAD /home/cu_cai/.local/xPacks/@xpack-dev-tools/arm-none-eabi-gcc/12.2.1-1.2.1/.content/bin/../lib/gcc/arm-none-eabi/12.2.1/thumb/v7-m/nofp/libgcc.a
LOAD /home/cu_cai/.local/xPacks/@xpack-dev-tools/arm-none-eabi-gcc/12.2.1-1.2.1/.content/bin/../lib/gcc/arm-none-eabi/12.2.1/../../../../arm-none-eabi/lib/thumb/v7-m/nofp/libg_nano.a
LOAD /home/cu_cai/.local/xPacks/@xpack-dev-tools/arm-none-eabi-gcc/12.2.1-1.2.1/.content/bin/../lib/gcc/arm-none-eabi/12.2.1/../../../../arm-none-eabi/lib/thumb/v7-m/nofp/libc_nano.a
END GROUP
START GROUP
LOAD /home/cu_cai/.local/xPacks/@xpack-dev-tools/arm-none-eabi-gcc/12.2.1-1.2.1/.content/bin/../lib/gcc/arm-none-eabi/12.2.1/thumb/v7-m/nofp/libgcc.a
LOAD /home/cu_cai/.local/xPacks/@xpack-dev-tools/arm-none-eabi-gcc/12.2.1-1.2.1/.content/bin/../lib/gcc/arm-none-eabi/12.2.1/../../../../arm-none-eabi/lib/thumb/v7-m/nofp/libc_nano.a
END GROUP
                0x0000000020005000                __stack = (ORIGIN (RAM) + LENGTH (RAM))
                0x0000000020005000                _estack = __stack
                0x0000000000000400                __Main_Stack_Size = 0x400
                [!provide]                        PROVIDE (_Main_Stack_Size = __Main_Stack_Size)
                0x0000000020004c00                __Main_Stack_Limit = (__stack - __Main_Stack_Size)
                [!provide]                        PROVIDE (_Main_Stack_Limit = __Main_Stack_Limit)
                0x0000000000000100                _Minimum_Stack_Size = 0x100
                0x0000000020000224                PROVIDE (_Heap_Begin = _end_noinit)
                0x0000000020004c00                PROVIDE (_Heap_Limit = (__stack - __Main_Stack_Size))

.isr_vector     0x0000000008000000      0x330
 FILL mask 0xff
                0x0000000008000000                __vectors_start = ABSOLUTE (.)
                0x0000000008000000                __vectors_start__ = ABSOLUTE (.)
 *(.isr_vector)
 .isr_vector    0x0000000008000000       0xec ./system/src/cmsis/vectors_stm32f103x6.o
                0x0000000008000000                __isr_vectors
 *(.cfmconfig)
 *(.after_vectors .after_vectors.*)
 .after_vectors
                0x00000000080000ec      0x114 ./system/src/newlib/startup.o
                0x00000000080000ec                _start
 .after_vectors
                0x0000000008000200      0x12c ./system/src/cortexm/exception-handlers.o
                0x0000000008000200                Reset_Handler
                0x0000000008000206                NMI_Handler
                0x000000000800020a                HardFault_Handler
                0x000000000800021e                HardFault_Handler_C
                0x000000000800027c                MemManage_Handler
                0x0000000008000280                BusFault_Handler
                0x0000000008000294                BusFault_Handler_C
                0x00000000080002c8                UsageFault_Handler
                0x00000000080002dc                UsageFault_Handler_C
                0x0000000008000310                SVC_Handler
                0x0000000008000314                DebugMon_Handler
                0x0000000008000318                PendSV_Handler
                0x000000000800031c                SysTick_Handler
 .after_vectors
                0x000000000800032c        0x4 ./system/src/cmsis/vectors_stm32f103x6.o
                0x000000000800032c                RTC_Alarm_IRQHandler
                0x000000000800032c                EXTI2_IRQHandler
                0x000000000800032c                TIM1_CC_IRQHandler
                0x000000000800032c                PVD_IRQHandler
                0x000000000800032c                EXTI3_IRQHandler
                0x000000000800032c                EXTI0_IRQHandler
                0x000000000800032c                ADC1_2_IRQHandler
                0x000000000800032c                SPI1_IRQHandler
                0x000000000800032c                TAMPER_IRQHandler
                0x000000000800032c                DMA1_Channel4_IRQHandler
                0x000000000800032c                RTC_IRQHandler
                0x000000000800032c                DMA1_Channel7_IRQHandler
                0x000000000800032c                CAN1_RX1_IRQHandler
                0x000000000800032c                I2C1_EV_IRQHandler
                0x000000000800032c                DMA1_Channel6_IRQHandler
                0x000000000800032c                TIM3_IRQHandler
                0x000000000800032c                RCC_IRQHandler
                0x000000000800032c                TIM1_TRG_COM_IRQHandler
                0x000000000800032c                DMA1_Channel1_IRQHandler
                0x000000000800032c                Default_Handler
                0x000000000800032c                EXTI15_10_IRQHandler
                0x000000000800032c                EXTI9_5_IRQHandler
                0x000000000800032c                DMA1_Channel5_IRQHandler
                0x000000000800032c                EXTI4_IRQHandler
                0x000000000800032c                USB_LP_CAN1_RX0_IRQHandler
                0x000000000800032c                USB_HP_CAN1_TX_IRQHandler
                0x000000000800032c                DMA1_Channel3_IRQHandler
                0x000000000800032c                TIM1_UP_IRQHandler
                0x000000000800032c                WWDG_IRQHandler
                0x000000000800032c                TIM2_IRQHandler
                0x000000000800032c                TIM1_BRK_IRQHandler
                0x000000000800032c                EXTI1_IRQHandler
                0x000000000800032c                USART2_IRQHandler
                0x000000000800032c                DMA1_Channel2_IRQHandler
                0x000000000800032c                CAN1_SCE_IRQHandler
                0x000000000800032c                FLASH_IRQHandler
                0x000000000800032c                USART1_IRQHandler
                0x000000000800032c                I2C1_ER_IRQHandler
                0x000000000800032c                USBWakeUp_IRQHandler

.inits          0x0000000008000330       0x28
                0x0000000008000330                __data_regions_array_start = .
                0x0000000008000330        0x4 LONG 0x80017f8 LOADADDR (.data)
                0x0000000008000334        0x4 LONG 0x20000000 ADDR (.data)
                0x0000000008000338        0x4 LONG 0x20000064 (ADDR (.data) + SIZEOF (.data))
                0x000000000800033c        0x4 LONG 0x80017f8 LOADADDR (.data_CCMRAM)
                0x0000000008000340        0x4 LONG 0x0 ADDR (.data_CCMRAM)
                0x0000000008000344        0x4 LONG 0x0 (ADDR (.data_CCMRAM) + SIZEOF (.data_CCMRAM))
                0x0000000008000348                __data_regions_array_end = .
                0x0000000008000348                __bss_regions_array_start = .
                0x0000000008000348        0x4 LONG 0x20000064 ADDR (.bss)
                0x000000000800034c        0x4 LONG 0x20000224 (ADDR (.bss) + SIZEOF (.bss))
                0x0000000008000350        0x4 LONG 0x0 ADDR (.bss_CCMRAM)
                0x0000000008000354        0x4 LONG 0x0 (ADDR (.bss_CCMRAM) + SIZEOF (.bss_CCMRAM))
                0x0000000008000358                __bss_regions_array_end = .
 *(.init)
 *(.fini)
                0x0000000008000358                . = ALIGN (0x4)
                0x0000000008000358                PROVIDE (__preinit_array_start = .)
 *(.preinit_array_sysinit .preinit_array_sysinit.*)
 *(.preinit_array_platform .preinit_array_platform.*)
 *(.preinit_array .preinit_array.*)
                0x0000000008000358                PROVIDE (__preinit_array_end = .)
                0x0000000008000358                . = ALIGN (0x4)
                0x0000000008000358                PROVIDE (__init_array_start = .)
 *(SORT_BY_NAME(.init_array.*))
 *(.init_array)
                0x0000000008000358                PROVIDE (__init_array_end = .)
                0x0000000008000358                . = ALIGN (0x4)
                0x0000000008000358                PROVIDE (__fini_array_start = .)
 *(SORT_BY_NAME(.fini_array.*))
 *(.fini_array)
                0x0000000008000358                PROVIDE (__fini_array_end = .)

.flashtext
 *(.flashtext .flashtext.*)

.text           0x0000000008000358     0x149d
 *(.text .text.*)
 .text.HAL_InitTick
                0x0000000008000358       0x4c ./system/src/stm32f1-hal/stm32f1xx_hal.o
                0x0000000008000358                HAL_InitTick
 .text.HAL_Init
                0x00000000080003a4       0x24 ./system/src/stm32f1-hal/stm32f1xx_hal.o
                0x00000000080003a4                HAL_Init
 .text.__NVIC_SetPriority
                0x00000000080003c8       0x28 ./system/src/stm32f1-hal/stm32f1xx_hal_cortex.o
 .text.NVIC_EncodePriority
                0x00000000080003f0       0x3e ./system/src/stm32f1-hal/stm32f1xx_hal_cortex.o
 *fill*         0x000000000800042e        0x2 
 .text.HAL_NVIC_SetPriorityGrouping
                0x0000000008000430       0x3c ./system/src/stm32f1-hal/stm32f1xx_hal_cortex.o
                0x0000000008000430                HAL_NVIC_SetPriorityGrouping
 .text.HAL_NVIC_SetPriority
                0x000000000800046c       0x48 ./system/src/stm32f1-hal/stm32f1xx_hal_cortex.o
                0x000000000800046c                HAL_NVIC_SetPriority
 .text.HAL_SYSTICK_Config
                0x00000000080004b4       0x28 ./system/src/stm32f1-hal/stm32f1xx_hal_cortex.o
                0x00000000080004b4                HAL_SYSTICK_Config
 .text.HAL_SYSTICK_CLKSourceConfig
                0x00000000080004dc       0x34 ./system/src/stm32f1-hal/stm32f1xx_hal_cortex.o
                0x00000000080004dc                HAL_SYSTICK_CLKSourceConfig
 .text.HAL_RCC_GetHCLKFreq
                0x0000000008000510        0xc ./system/src/stm32f1-hal/stm32f1xx_hal_rcc.o
                0x0000000008000510                HAL_RCC_GetHCLKFreq
 .text._sbrk    0x000000000800051c       0x44 ./system/src/newlib/sbrk.o
                0x000000000800051c                _sbrk
 .text._exit    0x0000000008000560       0x20 ./system/src/newlib/syscalls.o
                0x0000000008000560                _exit
 .text.initialise_monitor_handles
                0x0000000008000580       0xa8 ./system/src/newlib/syscalls.o
                0x0000000008000580                initialise_monitor_handles
 .text.__initialize_args
                0x0000000008000628       0xc0 ./system/src/newlib/syscalls.o
                0x0000000008000628                __initialize_args
 .text._trace_write_semihosting_debug
                0x00000000080006e8       0x62 ./system/src/diag/trace-impl.o
 .text.trace_write
                0x000000000800074a        0x8 ./system/src/diag/trace-impl.o
                0x000000000800074a                trace_write
 *fill*         0x0000000008000752        0x2 
 .text.trace_printf
                0x0000000008000754       0x34 ./system/src/diag/trace.o
                0x0000000008000754                trace_printf
 .text.__NVIC_SystemReset
                0x0000000008000788       0x24 ./system/src/cortexm/exception-handlers.o
 .text.dumpExceptionStack
                0x00000000080007ac       0xf4 ./system/src/cortexm/exception-handlers.o
                0x00000000080007ac                dumpExceptionStack
 .text.isSemihosting
                0x00000000080008a0       0xe0 ./system/src/cortexm/exception-handlers.o
                0x00000000080008a0                isSemihosting
 .text.__initialize_hardware_early
                0x0000000008000980       0x18 ./system/src/cortexm/initialize-hardware.o
                0x0000000008000980                __initialize_hardware_early
 .text.SystemInit
                0x0000000008000998        0x2 ./system/src/cmsis/system_stm32f1xx.o
                0x0000000008000998                SystemInit
 *fill*         0x000000000800099a        0x2 
 .text.SystemCoreClockUpdate
                0x000000000800099c       0x94 ./system/src/cmsis/system_stm32f1xx.o
                0x000000000800099c                SystemCoreClockUpdate
 .text.SystemClock_Config
                0x0000000008000a30       0x20 ./src/initialize-hardware.o
                0x0000000008000a30                SystemClock_Config
 .text.__initialize_hardware
                0x0000000008000a50       0x10 ./src/initialize-hardware.o
                0x0000000008000a50                __initialize_hardware
 .text.assert_failed
                0x0000000008000a60       0x14 ./src/initialize-hardware.o
                0x0000000008000a60                assert_failed
 .text.main     0x0000000008000a74       0x1e ./src/main.o
                0x0000000008000a74                main
 .text.HAL_MspInit
                0x0000000008000a92        0x2 ./src/stm32f1xx_hal_msp.o
                0x0000000008000a92                HAL_MspInit
 .text.atoi     0x0000000008000a94        0x8 /home/cu_cai/.local/xPacks/@xpack-dev-tools/arm-none-eabi-gcc/12.2.1-1.2.1/.content/bin/../lib/gcc/arm-none-eabi/12.2.1/../../../../arm-none-eabi/lib/thumb/v7-m/nofp/libg_nano.a(libc_a-atoi.o)
                0x0000000008000a94                atoi
 .text._strtol_l.constprop.0
                0x0000000008000a9c       0xfc /home/cu_cai/.local/xPacks/@xpack-dev-tools/arm-none-eabi-gcc/12.2.1-1.2.1/.content/bin/../lib/gcc/arm-none-eabi/12.2.1/../../../../arm-none-eabi/lib/thumb/v7-m/nofp/libg_nano.a(libc_a-strtol.o)
 .text.strtol   0x0000000008000b98       0x14 /home/cu_cai/.local/xPacks/@xpack-dev-tools/arm-none-eabi-gcc/12.2.1-1.2.1/.content/bin/../lib/gcc/arm-none-eabi/12.2.1/../../../../arm-none-eabi/lib/thumb/v7-m/nofp/libg_nano.a(libc_a-strtol.o)
                0x0000000008000b98                strtol
 .text._vsnprintf_r
                0x0000000008000bac       0x56 /home/cu_cai/.local/xPacks/@xpack-dev-tools/arm-none-eabi-gcc/12.2.1-1.2.1/.content/bin/../lib/gcc/arm-none-eabi/12.2.1/../../../../arm-none-eabi/lib/thumb/v7-m/nofp/libg_nano.a(libc_a-vsnprintf.o)
                0x0000000008000bac                _vsnprintf_r
                0x0000000008000bac                _vsniprintf_r
 *fill*         0x0000000008000c02        0x2 
 .text.vsnprintf
                0x0000000008000c04       0x1c /home/cu_cai/.local/xPacks/@xpack-dev-tools/arm-none-eabi-gcc/12.2.1-1.2.1/.content/bin/../lib/gcc/arm-none-eabi/12.2.1/../../../../arm-none-eabi/lib/thumb/v7-m/nofp/libg_nano.a(libc_a-vsnprintf.o)
                0x0000000008000c04                vsnprintf
                0x0000000008000c04                vsniprintf
 .text.__errno  0x0000000008000c20        0xc /home/cu_cai/.local/xPacks/@xpack-dev-tools/arm-none-eabi-gcc/12.2.1-1.2.1/.content/bin/../lib/gcc/arm-none-eabi/12.2.1/../../../../arm-none-eabi/lib/thumb/v7-m/nofp/libg_nano.a(libc_a-errno.o)
                0x0000000008000c20                __errno
 .text          0x0000000008000c2c       0x14 /home/cu_cai/.local/xPacks/@xpack-dev-tools/arm-none-eabi-gcc/12.2.1-1.2.1/.content/bin/../lib/gcc/arm-none-eabi/12.2.1/../../../../arm-none-eabi/lib/thumb/v7-m/nofp/libg_nano.a(libc_a-strcmp.o)
                0x0000000008000c2c                strcmp
 .text.__ssputs_r
                0x0000000008000c40       0xb6 /home/cu_cai/.local/xPacks/@xpack-dev-tools/arm-none-eabi-gcc/12.2.1-1.2.1/.content/bin/../lib/gcc/arm-none-eabi/12.2.1/../../../../arm-none-eabi/lib/thumb/v7-m/nofp/libg_nano.a(libc_a-nano-svfprintf.o)
                0x0000000008000c40                __ssputs_r
 *fill*         0x0000000008000cf6        0x2 
 .text._svfprintf_r
                0x0000000008000cf8      0x1f8 /home/cu_cai/.local/xPacks/@xpack-dev-tools/arm-none-eabi-gcc/12.2.1-1.2.1/.content/bin/../lib/gcc/arm-none-eabi/12.2.1/../../../../arm-none-eabi/lib/thumb/v7-m/nofp/libg_nano.a(libc_a-nano-svfprintf.o)
                0x0000000008000cf8                _svfprintf_r
                0x0000000008000cf8                _svfiprintf_r
 .text._printf_common
                0x0000000008000ef0       0xe4 /home/cu_cai/.local/xPacks/@xpack-dev-tools/arm-none-eabi-gcc/12.2.1-1.2.1/.content/bin/../lib/gcc/arm-none-eabi/12.2.1/../../../../arm-none-eabi/lib/thumb/v7-m/nofp/libg_nano.a(libc_a-nano-vfprintf_i.o)
                0x0000000008000ef0                _printf_common
 .text._printf_i
                0x0000000008000fd4      0x258 /home/cu_cai/.local/xPacks/@xpack-dev-tools/arm-none-eabi-gcc/12.2.1-1.2.1/.content/bin/../lib/gcc/arm-none-eabi/12.2.1/../../../../arm-none-eabi/lib/thumb/v7-m/nofp/libg_nano.a(libc_a-nano-vfprintf_i.o)
                0x0000000008000fd4                _printf_i
 .text.memmove  0x000000000800122c       0x34 /home/cu_cai/.local/xPacks/@xpack-dev-tools/arm-none-eabi-gcc/12.2.1-1.2.1/.content/bin/../lib/gcc/arm-none-eabi/12.2.1/../../../../arm-none-eabi/lib/thumb/v7-m/nofp/libg_nano.a(libc_a-memmove.o)
                0x000000000800122c                memmove
 .text.memchr   0x0000000008001260       0x1c /home/cu_cai/.local/xPacks/@xpack-dev-tools/arm-none-eabi-gcc/12.2.1-1.2.1/.content/bin/../lib/gcc/arm-none-eabi/12.2.1/../../../../arm-none-eabi/lib/thumb/v7-m/nofp/libg_nano.a(libc_a-memchr-stub.o)
                0x0000000008001260                memchr
 .text.memcpy   0x000000000800127c       0x1c /home/cu_cai/.local/xPacks/@xpack-dev-tools/arm-none-eabi-gcc/12.2.1-1.2.1/.content/bin/../lib/gcc/arm-none-eabi/12.2.1/../../../../arm-none-eabi/lib/thumb/v7-m/nofp/libg_nano.a(libc_a-memcpy-stub.o)
                0x000000000800127c                memcpy
 .text._free_r  0x0000000008001298       0x90 /home/cu_cai/.local/xPacks/@xpack-dev-tools/arm-none-eabi-gcc/12.2.1-1.2.1/.content/bin/../lib/gcc/arm-none-eabi/12.2.1/../../../../arm-none-eabi/lib/thumb/v7-m/nofp/libg_nano.a(libc_a-freer.o)
                0x0000000008001298                _free_r
 .text.sbrk_aligned
                0x0000000008001328       0x44 /home/cu_cai/.local/xPacks/@xpack-dev-tools/arm-none-eabi-gcc/12.2.1-1.2.1/.content/bin/../lib/gcc/arm-none-eabi/12.2.1/../../../../arm-none-eabi/lib/thumb/v7-m/nofp/libg_nano.a(libc_a-mallocr.o)
 .text._malloc_r
                0x000000000800136c       0xf0 /home/cu_cai/.local/xPacks/@xpack-dev-tools/arm-none-eabi-gcc/12.2.1-1.2.1/.content/bin/../lib/gcc/arm-none-eabi/12.2.1/../../../../arm-none-eabi/lib/thumb/v7-m/nofp/libg_nano.a(libc_a-mallocr.o)
                0x000000000800136c                _malloc_r
 .text.__malloc_lock
                0x000000000800145c        0xc /home/cu_cai/.local/xPacks/@xpack-dev-tools/arm-none-eabi-gcc/12.2.1-1.2.1/.content/bin/../lib/gcc/arm-none-eabi/12.2.1/../../../../arm-none-eabi/lib/thumb/v7-m/nofp/libg_nano.a(libc_a-mlock.o)
                0x000000000800145c                __malloc_lock
 .text.__malloc_unlock
                0x0000000008001468        0xc /home/cu_cai/.local/xPacks/@xpack-dev-tools/arm-none-eabi-gcc/12.2.1-1.2.1/.content/bin/../lib/gcc/arm-none-eabi/12.2.1/../../../../arm-none-eabi/lib/thumb/v7-m/nofp/libg_nano.a(libc_a-mlock.o)
                0x0000000008001468                __malloc_unlock
 .text._realloc_r
                0x0000000008001474       0x5c /home/cu_cai/.local/xPacks/@xpack-dev-tools/arm-none-eabi-gcc/12.2.1-1.2.1/.content/bin/../lib/gcc/arm-none-eabi/12.2.1/../../../../arm-none-eabi/lib/thumb/v7-m/nofp/libg_nano.a(libc_a-reallocr.o)
                0x0000000008001474                _realloc_r
 .text._sbrk_r  0x00000000080014d0       0x20 /home/cu_cai/.local/xPacks/@xpack-dev-tools/arm-none-eabi-gcc/12.2.1-1.2.1/.content/bin/../lib/gcc/arm-none-eabi/12.2.1/../../../../arm-none-eabi/lib/thumb/v7-m/nofp/libg_nano.a(libc_a-sbrkr.o)
                0x00000000080014d0                _sbrk_r
 .text.__retarget_lock_acquire_recursive
                0x00000000080014f0        0x2 /home/cu_cai/.local/xPacks/@xpack-dev-tools/arm-none-eabi-gcc/12.2.1-1.2.1/.content/bin/../lib/gcc/arm-none-eabi/12.2.1/../../../../arm-none-eabi/lib/thumb/v7-m/nofp/libg_nano.a(libc_a-lock.o)
                0x00000000080014f0                __retarget_lock_acquire_recursive
 .text.__retarget_lock_release_recursive
                0x00000000080014f2        0x2 /home/cu_cai/.local/xPacks/@xpack-dev-tools/arm-none-eabi-gcc/12.2.1-1.2.1/.content/bin/../lib/gcc/arm-none-eabi/12.2.1/../../../../arm-none-eabi/lib/thumb/v7-m/nofp/libg_nano.a(libc_a-lock.o)
                0x00000000080014f2                __retarget_lock_release_recursive
 .text._malloc_usable_size_r
                0x00000000080014f4       0x10 /home/cu_cai/.local/xPacks/@xpack-dev-tools/arm-none-eabi-gcc/12.2.1-1.2.1/.content/bin/../lib/gcc/arm-none-eabi/12.2.1/../../../../arm-none-eabi/lib/thumb/v7-m/nofp/libg_nano.a(libc_a-msizer.o)
                0x00000000080014f4                _malloc_usable_size_r
 *(.rodata .rodata.* .constdata .constdata.*)
 .rodata.HAL_NVIC_SetPriorityGrouping.str1.4
                0x0000000008001504       0x31 ./system/src/stm32f1-hal/stm32f1xx_hal_cortex.o
 *fill*         0x0000000008001535        0x3 
 .rodata.initialise_monitor_handles.str1.4
                0x0000000008001538        0x4 ./system/src/newlib/syscalls.o
 .rodata.dumpExceptionStack.str1.4
                0x000000000800153c      0x11a ./system/src/cortexm/exception-handlers.o
 .rodata.isSemihosting.str1.4
                0x0000000008001656        0x4 ./system/src/cortexm/exception-handlers.o
 *fill*         0x0000000008001656        0x2 
 .rodata.str1.4
                0x0000000008001658       0x2a ./system/src/cortexm/exception-handlers.o
 *fill*         0x0000000008001682        0x2 
 .rodata.AHBPrescTable
                0x0000000008001684       0x10 ./system/src/cmsis/system_stm32f1xx.o
                0x0000000008001684                AHBPrescTable
 .rodata.assert_failed.str1.4
                0x0000000008001694       0x2d ./src/initialize-hardware.o
 .rodata._ctype_
                0x00000000080016c1      0x101 /home/cu_cai/.local/xPacks/@xpack-dev-tools/arm-none-eabi-gcc/12.2.1-1.2.1/.content/bin/../lib/gcc/arm-none-eabi/12.2.1/../../../../arm-none-eabi/lib/thumb/v7-m/nofp/libg_nano.a(libc_a-ctype_.o)
                0x00000000080016c1                _ctype_
 .rodata._svfprintf_r.str1.1
                0x00000000080017c2       0x11 /home/cu_cai/.local/xPacks/@xpack-dev-tools/arm-none-eabi-gcc/12.2.1-1.2.1/.content/bin/../lib/gcc/arm-none-eabi/12.2.1/../../../../arm-none-eabi/lib/thumb/v7-m/nofp/libg_nano.a(libc_a-nano-svfprintf.o)
 .rodata._printf_i.str1.1
                0x00000000080017d3       0x22 /home/cu_cai/.local/xPacks/@xpack-dev-tools/arm-none-eabi-gcc/12.2.1-1.2.1/.content/bin/../lib/gcc/arm-none-eabi/12.2.1/../../../../arm-none-eabi/lib/thumb/v7-m/nofp/libg_nano.a(libc_a-nano-vfprintf_i.o)
 *(vtable)
 *(.eh_frame*)
 *(.glue_7)
 .glue_7        0x00000000080017f5        0x0 linker stubs
 *(.glue_7t)
 .glue_7t       0x00000000080017f5        0x0 linker stubs

.vfp11_veneer   0x00000000080017f8        0x0
 .vfp11_veneer  0x00000000080017f8        0x0 linker stubs

.v4_bx          0x00000000080017f8        0x0
 .v4_bx         0x00000000080017f8        0x0 linker stubs

.iplt           0x00000000080017f8        0x0
 .iplt          0x00000000080017f8        0x0 ./system/src/stm32f1-hal/stm32f1xx_hal.o

.rel.dyn        0x00000000080017f8        0x0
 .rel.iplt      0x00000000080017f8        0x0 ./system/src/stm32f1-hal/stm32f1xx_hal.o

.ARM.extab
 *(.ARM.extab* .gnu.linkonce.armextab.*)
                0x00000000080017f8                . = ALIGN (0x4)
                0x00000000080017f8                __exidx_start = .

.ARM.exidx
 *(.ARM.exidx* .gnu.linkonce.armexidx.*)
                0x00000000080017f8                __exidx_end = .
                0x00000000080017f8                . = ALIGN (0x4)
                0x00000000080017f8                _etext = .
                0x00000000080017f8                __etext = .

.data_CCMRAM    0x0000000000000000        0x0 load address 0x00000000080017f8
 FILL mask 0xff
 *(.data.CCMRAM .data.CCMRAM.*)
                0x0000000000000000                . = ALIGN (0x4)
                0x00000000080017f8                _sidata = LOADADDR (.data)

.data           0x0000000020000000       0x64 load address 0x00000000080017f8
 FILL mask 0xff
                0x0000000020000000                _sdata = .
                0x0000000020000000                __data_start__ = .
 *(.data_begin .data_begin.*)
 .data_begin    0x0000000020000000        0x4 ./system/src/newlib/startup.o
 *(.data .data.*)
 .data.uwTickFreq
                0x0000000020000004        0x1 ./system/src/stm32f1-hal/stm32f1xx_hal.o
                0x0000000020000004                uwTickFreq
 *fill*         0x0000000020000005        0x3 ff
 .data.uwTickPrio
                0x0000000020000008        0x4 ./system/src/stm32f1-hal/stm32f1xx_hal.o
                0x0000000020000008                uwTickPrio
 .data.SystemCoreClock
                0x000000002000000c        0x4 ./system/src/cmsis/system_stm32f1xx.o
                0x000000002000000c                SystemCoreClock
 .data._impure_ptr
                0x0000000020000010        0x4 /home/cu_cai/.local/xPacks/@xpack-dev-tools/arm-none-eabi-gcc/12.2.1-1.2.1/.content/bin/../lib/gcc/arm-none-eabi/12.2.1/../../../../arm-none-eabi/lib/thumb/v7-m/nofp/libg_nano.a(libc_a-impure.o)
                0x0000000020000010                _impure_ptr
 .data._impure_data
                0x0000000020000014       0x4c /home/cu_cai/.local/xPacks/@xpack-dev-tools/arm-none-eabi-gcc/12.2.1-1.2.1/.content/bin/../lib/gcc/arm-none-eabi/12.2.1/../../../../arm-none-eabi/lib/thumb/v7-m/nofp/libg_nano.a(libc_a-impure.o)
                0x0000000020000014                _impure_data
 *(.data_end .data_end.*)
 .data_end      0x0000000020000060        0x4 ./system/src/newlib/startup.o
                0x0000000020000064                . = ALIGN (0x4)
                0x0000000020000064                _edata = .
                0x0000000020000064                __data_end__ = .

.igot.plt       0x0000000020000064        0x0 load address 0x000000000800185c
 .igot.plt      0x0000000020000064        0x0 ./system/src/stm32f1-hal/stm32f1xx_hal.o

.bss_CCMRAM     0x0000000000000000        0x0
 *(.bss.CCMRAM .bss.CCMRAM.*)

.bss            0x0000000020000064      0x1c0
                0x0000000020000064                __bss_start__ = .
                0x0000000020000064                _sbss = .
 *(.bss_begin .bss_begin.*)
 .bss_begin     0x0000000020000064        0x4 ./system/src/newlib/startup.o
 *(.bss .bss.*)
 .bss.current_heap_end.0
                0x0000000020000068        0x4 ./system/src/newlib/sbrk.o
 .bss.argv_buf.0
                0x000000002000006c       0x28 ./system/src/newlib/syscalls.o
 .bss.args_buf.1
                0x0000000020000094       0x50 ./system/src/newlib/syscalls.o
 .bss.monitor_stderr
                0x00000000200000e4        0x4 ./system/src/newlib/syscalls.o
 .bss.monitor_stdout
                0x00000000200000e8        0x4 ./system/src/newlib/syscalls.o
 .bss.monitor_stdin
                0x00000000200000ec        0x4 ./system/src/newlib/syscalls.o
 .bss.openfiles
                0x00000000200000f0       0xa0 ./system/src/newlib/syscalls.o
 .bss.errno     0x0000000020000190        0x4 ./system/src/newlib/syscalls.o
                0x0000000020000190                errno
 .bss.buf.0     0x0000000020000194       0x80 ./system/src/diag/trace.o
 .bss.__malloc_sbrk_start
                0x0000000020000214        0x4 /home/cu_cai/.local/xPacks/@xpack-dev-tools/arm-none-eabi-gcc/12.2.1-1.2.1/.content/bin/../lib/gcc/arm-none-eabi/12.2.1/../../../../arm-none-eabi/lib/thumb/v7-m/nofp/libg_nano.a(libc_a-mallocr.o)
                0x0000000020000214                __malloc_sbrk_start
 .bss.__malloc_free_list
                0x0000000020000218        0x4 /home/cu_cai/.local/xPacks/@xpack-dev-tools/arm-none-eabi-gcc/12.2.1-1.2.1/.content/bin/../lib/gcc/arm-none-eabi/12.2.1/../../../../arm-none-eabi/lib/thumb/v7-m/nofp/libg_nano.a(libc_a-mallocr.o)
                0x0000000020000218                __malloc_free_list
 .bss.__lock___malloc_recursive_mutex
                0x000000002000021c        0x1 /home/cu_cai/.local/xPacks/@xpack-dev-tools/arm-none-eabi-gcc/12.2.1-1.2.1/.content/bin/../lib/gcc/arm-none-eabi/12.2.1/../../../../arm-none-eabi/lib/thumb/v7-m/nofp/libg_nano.a(libc_a-lock.o)
                0x000000002000021c                __lock___malloc_recursive_mutex
 *(COMMON)
 *(.bss_end .bss_end.*)
 *fill*         0x000000002000021d        0x3 
 .bss_end       0x0000000020000220        0x4 ./system/src/newlib/startup.o
                0x0000000020000224                . = ALIGN (0x4)
                0x0000000020000224                __bss_end__ = .
                0x0000000020000224                _ebss = .

.noinit_CCMRAM
 *(.noinit.CCMRAM .noinit.CCMRAM.*)

.noinit         0x0000000020000224        0x0
                0x0000000020000224                _noinit = .
 *(.noinit .noinit.*)
                0x0000000020000224                . = ALIGN (0x4)
                0x0000000020000224                _end_noinit = .
                [!provide]                        PROVIDE (end = _end_noinit)
                [!provide]                        PROVIDE (_end = _end_noinit)
                [!provide]                        PROVIDE (__end = _end_noinit)
                [!provide]                        PROVIDE (__end__ = _end_noinit)

._check_stack   0x0000000020000224      0x100
                0x0000000020000324                . = (. + _Minimum_Stack_Size)
 *fill*         0x0000000020000224      0x100 

.b1text
 *(.b1text)
 *(.b1rodata)
 *(.b1rodata.*)

.eb0text
 *(.eb0text)
 *(.eb0rodata)
 *(.eb0rodata.*)

.eb1text
 *(.eb1text)
 *(.eb1rodata)
 *(.eb1rodata.*)

.eb2text
 *(.eb2text)
 *(.eb2rodata)
 *(.eb2rodata.*)

.eb3text
 *(.eb3text)
 *(.eb3rodata)
 *(.eb3rodata.*)

.stab
 *(.stab)

.stabstr
 *(.stabstr)

.stab.excl
 *(.stab.excl)

.stab.exclstr
 *(.stab.exclstr)

.stab.index
 *(.stab.index)

.stab.indexstr
 *(.stab.indexstr)

.comment        0x0000000000000000       0x39
 *(.comment)
 .comment       0x0000000000000000       0x39 ./system/src/stm32f1-hal/stm32f1xx_hal.o
                                         0x3a (size before relaxing)
 .comment       0x0000000000000039       0x3a ./system/src/stm32f1-hal/stm32f1xx_hal_cortex.o
 .comment       0x0000000000000039       0x3a ./system/src/stm32f1-hal/stm32f1xx_hal_rcc.o
 .comment       0x0000000000000039       0x3a ./system/src/newlib/sbrk.o
 .comment       0x0000000000000039       0x3a ./system/src/newlib/startup.o
 .comment       0x0000000000000039       0x3a ./system/src/newlib/syscalls.o
 .comment       0x0000000000000039       0x3a ./system/src/diag/trace-impl.o
 .comment       0x0000000000000039       0x3a ./system/src/diag/trace.o
 .comment       0x0000000000000039       0x3a ./system/src/cortexm/exception-handlers.o
 .comment       0x0000000000000039       0x3a ./system/src/cortexm/initialize-hardware.o
 .comment       0x0000000000000039       0x3a ./system/src/cmsis/system_stm32f1xx.o
 .comment       0x0000000000000039       0x3a ./system/src/cmsis/vectors_stm32f103x6.o
 .comment       0x0000000000000039       0x3a ./src/initialize-hardware.o
 .comment       0x0000000000000039       0x3a ./src/main.o
 .comment       0x0000000000000039       0x3a ./src/stm32f1xx_hal_msp.o
 .comment       0x0000000000000039       0x3a /home/cu_cai/.local/xPacks/@xpack-dev-tools/arm-none-eabi-gcc/12.2.1-1.2.1/.content/bin/../lib/gcc/arm-none-eabi/12.2.1/../../../../arm-none-eabi/lib/thumb/v7-m/nofp/libg_nano.a(libc_a-atoi.o)
 .comment       0x0000000000000039       0x3a /home/cu_cai/.local/xPacks/@xpack-dev-tools/arm-none-eabi-gcc/12.2.1-1.2.1/.content/bin/../lib/gcc/arm-none-eabi/12.2.1/../../../../arm-none-eabi/lib/thumb/v7-m/nofp/libg_nano.a(libc_a-strtol.o)
 .comment       0x0000000000000039       0x3a /home/cu_cai/.local/xPacks/@xpack-dev-tools/arm-none-eabi-gcc/12.2.1-1.2.1/.content/bin/../lib/gcc/arm-none-eabi/12.2.1/../../../../arm-none-eabi/lib/thumb/v7-m/nofp/libg_nano.a(libc_a-ctype_.o)
 .comment       0x0000000000000039       0x3a /home/cu_cai/.local/xPacks/@xpack-dev-tools/arm-none-eabi-gcc/12.2.1-1.2.1/.content/bin/../lib/gcc/arm-none-eabi/12.2.1/../../../../arm-none-eabi/lib/thumb/v7-m/nofp/libg_nano.a(libc_a-vsnprintf.o)
 .comment       0x0000000000000039       0x3a /home/cu_cai/.local/xPacks/@xpack-dev-tools/arm-none-eabi-gcc/12.2.1-1.2.1/.content/bin/../lib/gcc/arm-none-eabi/12.2.1/../../../../arm-none-eabi/lib/thumb/v7-m/nofp/libg_nano.a(libc_a-impure.o)
 .comment       0x0000000000000039       0x3a /home/cu_cai/.local/xPacks/@xpack-dev-tools/arm-none-eabi-gcc/12.2.1-1.2.1/.content/bin/../lib/gcc/arm-none-eabi/12.2.1/../../../../arm-none-eabi/lib/thumb/v7-m/nofp/libg_nano.a(libc_a-errno.o)
 .comment       0x0000000000000039       0x3a /home/cu_cai/.local/xPacks/@xpack-dev-tools/arm-none-eabi-gcc/12.2.1-1.2.1/.content/bin/../lib/gcc/arm-none-eabi/12.2.1/../../../../arm-none-eabi/lib/thumb/v7-m/nofp/libg_nano.a(libc_a-nano-svfprintf.o)
 .comment       0x0000000000000039       0x3a /home/cu_cai/.local/xPacks/@xpack-dev-tools/arm-none-eabi-gcc/12.2.1-1.2.1/.content/bin/../lib/gcc/arm-none-eabi/12.2.1/../../../../arm-none-eabi/lib/thumb/v7-m/nofp/libg_nano.a(libc_a-nano-vfprintf_i.o)
 .comment       0x0000000000000039       0x3a /home/cu_cai/.local/xPacks/@xpack-dev-tools/arm-none-eabi-gcc/12.2.1-1.2.1/.content/bin/../lib/gcc/arm-none-eabi/12.2.1/../../../../arm-none-eabi/lib/thumb/v7-m/nofp/libg_nano.a(libc_a-memmove.o)
 .comment       0x0000000000000039       0x3a /home/cu_cai/.local/xPacks/@xpack-dev-tools/arm-none-eabi-gcc/12.2.1-1.2.1/.content/bin/../lib/gcc/arm-none-eabi/12.2.1/../../../../arm-none-eabi/lib/thumb/v7-m/nofp/libg_nano.a(libc_a-memchr-stub.o)
 .comment       0x0000000000000039       0x3a /home/cu_cai/.local/xPacks/@xpack-dev-tools/arm-none-eabi-gcc/12.2.1-1.2.1/.content/bin/../lib/gcc/arm-none-eabi/12.2.1/../../../../arm-none-eabi/lib/thumb/v7-m/nofp/libg_nano.a(libc_a-memcpy-stub.o)
 .comment       0x0000000000000039       0x3a /home/cu_cai/.local/xPacks/@xpack-dev-tools/arm-none-eabi-gcc/12.2.1-1.2.1/.content/bin/../lib/gcc/arm-none-eabi/12.2.1/../../../../arm-none-eabi/lib/thumb/v7-m/nofp/libg_nano.a(libc_a-freer.o)
 .comment       0x0000000000000039       0x3a /home/cu_cai/.local/xPacks/@xpack-dev-tools/arm-none-eabi-gcc/12.2.1-1.2.1/.content/bin/../lib/gcc/arm-none-eabi/12.2.1/../../../../arm-none-eabi/lib/thumb/v7-m/nofp/libg_nano.a(libc_a-mallocr.o)
 .comment       0x0000000000000039       0x3a /home/cu_cai/.local/xPacks/@xpack-dev-tools/arm-none-eabi-gcc/12.2.1-1.2.1/.content/bin/../lib/gcc/arm-none-eabi/12.2.1/../../../../arm-none-eabi/lib/thumb/v7-m/nofp/libg_nano.a(libc_a-mlock.o)
 .comment       0x0000000000000039       0x3a /home/cu_cai/.local/xPacks/@xpack-dev-tools/arm-none-eabi-gcc/12.2.1-1.2.1/.content/bin/../lib/gcc/arm-none-eabi/12.2.1/../../../../arm-none-eabi/lib/thumb/v7-m/nofp/libg_nano.a(libc_a-reallocr.o)
 .comment       0x0000000000000039       0x3a /home/cu_cai/.local/xPacks/@xpack-dev-tools/arm-none-eabi-gcc/12.2.1-1.2.1/.content/bin/../lib/gcc/arm-none-eabi/12.2.1/../../../../arm-none-eabi/lib/thumb/v7-m/nofp/libg_nano.a(libc_a-sbrkr.o)
 .comment       0x0000000000000039       0x3a /home/cu_cai/.local/xPacks/@xpack-dev-tools/arm-none-eabi-gcc/12.2.1-1.2.1/.content/bin/../lib/gcc/arm-none-eabi/12.2.1/../../../../arm-none-eabi/lib/thumb/v7-m/nofp/libg_nano.a(libc_a-lock.o)
 .comment       0x0000000000000039       0x3a /home/cu_cai/.local/xPacks/@xpack-dev-tools/arm-none-eabi-gcc/12.2.1-1.2.1/.content/bin/../lib/gcc/arm-none-eabi/12.2.1/../../../../arm-none-eabi/lib/thumb/v7-m/nofp/libg_nano.a(libc_a-msizer.o)

.ARM.attributes
                0x0000000000000000       0x2b
 .ARM.attributes
                0x0000000000000000       0x2d ./system/src/stm32f1-hal/stm32f1xx_hal.o
 .ARM.attributes
                0x000000000000002d       0x2d ./system/src/stm32f1-hal/stm32f1xx_hal_cortex.o
 .ARM.attributes
                0x000000000000005a       0x2d ./system/src/stm32f1-hal/stm32f1xx_hal_rcc.o
 .ARM.attributes
                0x0000000000000087       0x2d ./system/src/newlib/sbrk.o
 .ARM.attributes
                0x00000000000000b4       0x2d ./system/src/newlib/startup.o
 .ARM.attributes
                0x00000000000000e1       0x2d ./system/src/newlib/syscalls.o
 .ARM.attributes
                0x000000000000010e       0x2d ./system/src/diag/trace-impl.o
 .ARM.attributes
                0x000000000000013b       0x2d ./system/src/diag/trace.o
 .ARM.attributes
                0x0000000000000168       0x2d ./system/src/cortexm/exception-handlers.o
 .ARM.attributes
                0x0000000000000195       0x2d ./system/src/cortexm/initialize-hardware.o
 .ARM.attributes
                0x00000000000001c2       0x2d ./system/src/cmsis/system_stm32f1xx.o
 .ARM.attributes
                0x00000000000001ef       0x2d ./system/src/cmsis/vectors_stm32f103x6.o
 .ARM.attributes
                0x000000000000021c       0x2d ./src/initialize-hardware.o
 .ARM.attributes
                0x0000000000000249       0x2d ./src/main.o
 .ARM.attributes
                0x0000000000000276       0x2d ./src/stm32f1xx_hal_msp.o
 .ARM.attributes
                0x00000000000002a3       0x2d /home/cu_cai/.local/xPacks/@xpack-dev-tools/arm-none-eabi-gcc/12.2.1-1.2.1/.content/bin/../lib/gcc/arm-none-eabi/12.2.1/../../../../arm-none-eabi/lib/thumb/v7-m/nofp/libg_nano.a(libc_a-atoi.o)
 .ARM.attributes
                0x00000000000002d0       0x2d /home/cu_cai/.local/xPacks/@xpack-dev-tools/arm-none-eabi-gcc/12.2.1-1.2.1/.content/bin/../lib/gcc/arm-none-eabi/12.2.1/../../../../arm-none-eabi/lib/thumb/v7-m/nofp/libg_nano.a(libc_a-strtol.o)
 .ARM.attributes
                0x00000000000002fd       0x2d /home/cu_cai/.local/xPacks/@xpack-dev-tools/arm-none-eabi-gcc/12.2.1-1.2.1/.content/bin/../lib/gcc/arm-none-eabi/12.2.1/../../../../arm-none-eabi/lib/thumb/v7-m/nofp/libg_nano.a(libc_a-ctype_.o)
 .ARM.attributes
                0x000000000000032a       0x2d /home/cu_cai/.local/xPacks/@xpack-dev-tools/arm-none-eabi-gcc/12.2.1-1.2.1/.content/bin/../lib/gcc/arm-none-eabi/12.2.1/../../../../arm-none-eabi/lib/thumb/v7-m/nofp/libg_nano.a(libc_a-vsnprintf.o)
 .ARM.attributes
                0x0000000000000357       0x2d /home/cu_cai/.local/xPacks/@xpack-dev-tools/arm-none-eabi-gcc/12.2.1-1.2.1/.content/bin/../lib/gcc/arm-none-eabi/12.2.1/../../../../arm-none-eabi/lib/thumb/v7-m/nofp/libg_nano.a(libc_a-impure.o)
 .ARM.attributes
                0x0000000000000384       0x2d /home/cu_cai/.local/xPacks/@xpack-dev-tools/arm-none-eabi-gcc/12.2.1-1.2.1/.content/bin/../lib/gcc/arm-none-eabi/12.2.1/../../../../arm-none-eabi/lib/thumb/v7-m/nofp/libg_nano.a(libc_a-errno.o)
 .ARM.attributes
                0x00000000000003b1       0x1b /home/cu_cai/.local/xPacks/@xpack-dev-tools/arm-none-eabi-gcc/12.2.1-1.2.1/.content/bin/../lib/gcc/arm-none-eabi/12.2.1/../../../../arm-none-eabi/lib/thumb/v7-m/nofp/libg_nano.a(libc_a-strcmp.o)
 .ARM.attributes
                0x00000000000003cc       0x2d /home/cu_cai/.local/xPacks/@xpack-dev-tools/arm-none-eabi-gcc/12.2.1-1.2.1/.content/bin/../lib/gcc/arm-none-eabi/12.2.1/../../../../arm-none-eabi/lib/thumb/v7-m/nofp/libg_nano.a(libc_a-nano-svfprintf.o)
 .ARM.attributes
                0x00000000000003f9       0x2d /home/cu_cai/.local/xPacks/@xpack-dev-tools/arm-none-eabi-gcc/12.2.1-1.2.1/.content/bin/../lib/gcc/arm-none-eabi/12.2.1/../../../../arm-none-eabi/lib/thumb/v7-m/nofp/libg_nano.a(libc_a-nano-vfprintf_i.o)
 .ARM.attributes
                0x0000000000000426       0x2d /home/cu_cai/.local/xPacks/@xpack-dev-tools/arm-none-eabi-gcc/12.2.1-1.2.1/.content/bin/../lib/gcc/arm-none-eabi/12.2.1/../../../../arm-none-eabi/lib/thumb/v7-m/nofp/libg_nano.a(libc_a-memmove.o)
 .ARM.attributes
                0x0000000000000453       0x2d /home/cu_cai/.local/xPacks/@xpack-dev-tools/arm-none-eabi-gcc/12.2.1-1.2.1/.content/bin/../lib/gcc/arm-none-eabi/12.2.1/../../../../arm-none-eabi/lib/thumb/v7-m/nofp/libg_nano.a(libc_a-memchr-stub.o)
 .ARM.attributes
                0x0000000000000480       0x2d /home/cu_cai/.local/xPacks/@xpack-dev-tools/arm-none-eabi-gcc/12.2.1-1.2.1/.content/bin/../lib/gcc/arm-none-eabi/12.2.1/../../../../arm-none-eabi/lib/thumb/v7-m/nofp/libg_nano.a(libc_a-memcpy-stub.o)
 .ARM.attributes
                0x00000000000004ad       0x2d /home/cu_cai/.local/xPacks/@xpack-dev-tools/arm-none-eabi-gcc/12.2.1-1.2.1/.content/bin/../lib/gcc/arm-none-eabi/12.2.1/../../../../arm-none-eabi/lib/thumb/v7-m/nofp/libg_nano.a(libc_a-freer.o)
 .ARM.attributes
                0x00000000000004da       0x2d /home/cu_cai/.local/xPacks/@xpack-dev-tools/arm-none-eabi-gcc/12.2.1-1.2.1/.content/bin/../lib/gcc/arm-none-eabi/12.2.1/../../../../arm-none-eabi/lib/thumb/v7-m/nofp/libg_nano.a(libc_a-mallocr.o)
 .ARM.attributes
                0x0000000000000507       0x2d /home/cu_cai/.local/xPacks/@xpack-dev-tools/arm-none-eabi-gcc/12.2.1-1.2.1/.content/bin/../lib/gcc/arm-none-eabi/12.2.1/../../../../arm-none-eabi/lib/thumb/v7-m/nofp/libg_nano.a(libc_a-mlock.o)
 .ARM.attributes
                0x0000000000000534       0x2d /home/cu_cai/.local/xPacks/@xpack-dev-tools/arm-none-eabi-gcc/12.2.1-1.2.1/.content/bin/../lib/gcc/arm-none-eabi/12.2.1/../../../../arm-none-eabi/lib/thumb/v7-m/nofp/libg_nano.a(libc_a-reallocr.o)
 .ARM.attributes
                0x0000000000000561       0x2d /home/cu_cai/.local/xPacks/@xpack-dev-tools/arm-none-eabi-gcc/12.2.1-1.2.1/.content/bin/../lib/gcc/arm-none-eabi/12.2.1/../../../../arm-none-eabi/lib/thumb/v7-m/nofp/libg_nano.a(libc_a-sbrkr.o)
 .ARM.attributes
                0x000000000000058e       0x2d /home/cu_cai/.local/xPacks/@xpack-dev-tools/arm-none-eabi-gcc/12.2.1-1.2.1/.content/bin/../lib/gcc/arm-none-eabi/12.2.1/../../../../arm-none-eabi/lib/thumb/v7-m/nofp/libg_nano.a(libc_a-lock.o)
 .ARM.attributes
                0x00000000000005bb       0x2d /home/cu_cai/.local/xPacks/@xpack-dev-tools/arm-none-eabi-gcc/12.2.1-1.2.1/.content/bin/../lib/gcc/arm-none-eabi/12.2.1/../../../../arm-none-eabi/lib/thumb/v7-m/nofp/libg_nano.a(libc_a-msizer.o)

.debug
 *(.debug)

.line
 *(.line)

.debug_srcinfo
 *(.debug_srcinfo)

.debug_sfnames
 *(.debug_sfnames)

.debug_aranges  0x0000000000000000      0x5a8
 *(.debug_aranges)
 .debug_aranges
                0x0000000000000000       0xe0 ./system/src/stm32f1-hal/stm32f1xx_hal.o
 .debug_aranges
                0x00000000000000e0       0xc0 ./system/src/stm32f1-hal/stm32f1xx_hal_cortex.o
 .debug_aranges
                0x00000000000001a0       0x90 ./system/src/stm32f1-hal/stm32f1xx_hal_rcc.o
 .debug_aranges
                0x0000000000000230       0x20 ./system/src/newlib/sbrk.o
 .debug_aranges
                0x0000000000000250       0x40 ./system/src/newlib/startup.o
 .debug_aranges
                0x0000000000000290      0x120 ./system/src/newlib/syscalls.o
 .debug_aranges
                0x00000000000003b0       0x30 ./system/src/diag/trace-impl.o
 .debug_aranges
                0x00000000000003e0       0x38 ./system/src/diag/trace.o
 .debug_aranges
                0x0000000000000418       0x98 ./system/src/cortexm/exception-handlers.o
 .debug_aranges
                0x00000000000004b0       0x28 ./system/src/cortexm/initialize-hardware.o
 .debug_aranges
                0x00000000000004d8       0x28 ./system/src/cmsis/system_stm32f1xx.o
 .debug_aranges
                0x0000000000000500       0x20 ./system/src/cmsis/vectors_stm32f103x6.o
 .debug_aranges
                0x0000000000000520       0x30 ./src/initialize-hardware.o
 .debug_aranges
                0x0000000000000550       0x20 ./src/main.o
 .debug_aranges
                0x0000000000000570       0x38 ./src/stm32f1xx_hal_msp.o

.debug_pubnames
 *(.debug_pubnames)

.debug_info     0x0000000000000000     0x623d
 *(.debug_info .gnu.linkonce.wi.*)
 .debug_info    0x0000000000000000      0x7dd ./system/src/stm32f1-hal/stm32f1xx_hal.o
 .debug_info    0x00000000000007dd      0xdeb ./system/src/stm32f1-hal/stm32f1xx_hal_cortex.o
 .debug_info    0x00000000000015c8      0xc97 ./system/src/stm32f1-hal/stm32f1xx_hal_rcc.o
 .debug_info    0x000000000000225f      0x10f ./system/src/newlib/sbrk.o
 .debug_info    0x000000000000236e      0x49b ./system/src/newlib/startup.o
 .debug_info    0x0000000000002809     0x19ea ./system/src/newlib/syscalls.o
 .debug_info    0x00000000000041f3      0x319 ./system/src/diag/trace-impl.o
 .debug_info    0x000000000000450c      0x341 ./system/src/diag/trace.o
 .debug_info    0x000000000000484d      0x9e1 ./system/src/cortexm/exception-handlers.o
 .debug_info    0x000000000000522e      0x292 ./system/src/cortexm/initialize-hardware.o
 .debug_info    0x00000000000054c0      0x231 ./system/src/cmsis/system_stm32f1xx.o
 .debug_info    0x00000000000056f1      0x10a ./system/src/cmsis/vectors_stm32f103x6.o
 .debug_info    0x00000000000057fb      0x212 ./src/initialize-hardware.o
 .debug_info    0x0000000000005a0d      0x778 ./src/main.o
 .debug_info    0x0000000000006185       0xb8 ./src/stm32f1xx_hal_msp.o

.debug_abbrev   0x0000000000000000     0x1bf4
 *(.debug_abbrev)
 .debug_abbrev  0x0000000000000000      0x237 ./system/src/stm32f1-hal/stm32f1xx_hal.o
 .debug_abbrev  0x0000000000000237      0x3d3 ./system/src/stm32f1-hal/stm32f1xx_hal_cortex.o
 .debug_abbrev  0x000000000000060a      0x2b4 ./system/src/stm32f1-hal/stm32f1xx_hal_rcc.o
 .debug_abbrev  0x00000000000008be       0xcc ./system/src/newlib/sbrk.o
 .debug_abbrev  0x000000000000098a      0x20e ./system/src/newlib/startup.o
 .debug_abbrev  0x0000000000000b98      0x3ce ./system/src/newlib/syscalls.o
 .debug_abbrev  0x0000000000000f66      0x1e6 ./system/src/diag/trace-impl.o
 .debug_abbrev  0x000000000000114c      0x17d ./system/src/diag/trace.o
 .debug_abbrev  0x00000000000012c9      0x2c4 ./system/src/cortexm/exception-handlers.o
 .debug_abbrev  0x000000000000158d      0x104 ./system/src/cortexm/initialize-hardware.o
 .debug_abbrev  0x0000000000001691      0x145 ./system/src/cmsis/system_stm32f1xx.o
 .debug_abbrev  0x00000000000017d6       0xb8 ./system/src/cmsis/vectors_stm32f103x6.o
 .debug_abbrev  0x000000000000188e      0x146 ./src/initialize-hardware.o
 .debug_abbrev  0x00000000000019d4      0x1d9 ./src/main.o
 .debug_abbrev  0x0000000000001bad       0x47 ./src/stm32f1xx_hal_msp.o

.debug_line     0x0000000000000000     0x8d33
 *(.debug_line)
 .debug_line    0x0000000000000000      0xad9 ./system/src/stm32f1-hal/stm32f1xx_hal.o
 .debug_line    0x0000000000000ad9      0xe3d ./system/src/stm32f1-hal/stm32f1xx_hal_cortex.o
 .debug_line    0x0000000000001916     0x1328 ./system/src/stm32f1-hal/stm32f1xx_hal_rcc.o
 .debug_line    0x0000000000002c3e      0x3cb ./system/src/newlib/sbrk.o
 .debug_line    0x0000000000003009      0x60a ./system/src/newlib/startup.o
 .debug_line    0x0000000000003613     0x1152 ./system/src/newlib/syscalls.o
 .debug_line    0x0000000000004765      0x9d1 ./system/src/diag/trace-impl.o
 .debug_line    0x0000000000005136      0x4b5 ./system/src/diag/trace.o
 .debug_line    0x00000000000055eb      0xd64 ./system/src/cortexm/exception-handlers.o
 .debug_line    0x000000000000634f      0x7e5 ./system/src/cortexm/initialize-hardware.o
 .debug_line    0x0000000000006b34      0x866 ./system/src/cmsis/system_stm32f1xx.o
 .debug_line    0x000000000000739a      0x2ce ./system/src/cmsis/vectors_stm32f103x6.o
 .debug_line    0x0000000000007668      0x916 ./src/initialize-hardware.o
 .debug_line    0x0000000000007f7e      0x5e0 ./src/main.o
 .debug_line    0x000000000000855e      0x7d5 ./src/stm32f1xx_hal_msp.o

.debug_frame    0x0000000000000000      0xd94
 *(.debug_frame)
 .debug_frame   0x0000000000000000      0x1d0 ./system/src/stm32f1-hal/stm32f1xx_hal.o
 .debug_frame   0x00000000000001d0      0x1dc ./system/src/stm32f1-hal/stm32f1xx_hal_cortex.o
 .debug_frame   0x00000000000003ac      0x1a8 ./system/src/stm32f1-hal/stm32f1xx_hal_rcc.o
 .debug_frame   0x0000000000000554       0x28 ./system/src/newlib/sbrk.o
 .debug_frame   0x000000000000057c       0x7c ./system/src/newlib/startup.o
 .debug_frame   0x00000000000005f8      0x3d0 ./system/src/newlib/syscalls.o
 .debug_frame   0x00000000000009c8       0x64 ./system/src/diag/trace-impl.o
 .debug_frame   0x0000000000000a2c       0x94 ./system/src/diag/trace.o
 .debug_frame   0x0000000000000ac0      0x174 ./system/src/cortexm/exception-handlers.o
 .debug_frame   0x0000000000000c34       0x40 ./system/src/cortexm/initialize-hardware.o
 .debug_frame   0x0000000000000c74       0x30 ./system/src/cmsis/system_stm32f1xx.o
 .debug_frame   0x0000000000000ca4       0x20 ./system/src/cmsis/vectors_stm32f103x6.o
 .debug_frame   0x0000000000000cc4       0x58 ./src/initialize-hardware.o
 .debug_frame   0x0000000000000d1c       0x28 ./src/main.o
 .debug_frame   0x0000000000000d44       0x50 ./src/stm32f1xx_hal_msp.o

.debug_str      0x0000000000000000    0x9e286
 *(.debug_str)
 .debug_str     0x0000000000000000    0x93cf3 ./system/src/stm32f1-hal/stm32f1xx_hal.o
                                      0x9417a (size before relaxing)
 .debug_str     0x0000000000093cf3      0x2bb ./system/src/stm32f1-hal/stm32f1xx_hal_cortex.o
                                      0x940b4 (size before relaxing)
 .debug_str     0x0000000000093fae      0x3c4 ./system/src/stm32f1-hal/stm32f1xx_hal_rcc.o
                                      0x93e9e (size before relaxing)
 .debug_str     0x0000000000094372     0x391e ./system/src/newlib/sbrk.o
                                       0x6fcb (size before relaxing)
 .debug_str     0x0000000000097c90      0x26b ./system/src/newlib/startup.o
                                       0x6635 (size before relaxing)
 .debug_str     0x0000000000097efb     0x3bfe ./system/src/newlib/syscalls.o
                                       0xb65e (size before relaxing)
 .debug_str     0x000000000009baf9       0xbd ./system/src/diag/trace-impl.o
                                      0x9700b (size before relaxing)
 .debug_str     0x000000000009bbb6      0x162 ./system/src/diag/trace.o
                                       0x835c (size before relaxing)
 .debug_str     0x000000000009bd18      0x1dc ./system/src/cortexm/exception-handlers.o
                                      0x98359 (size before relaxing)
 .debug_str     0x000000000009bef4       0x5d ./system/src/cortexm/initialize-hardware.o
                                      0x93aae (size before relaxing)
 .debug_str     0x000000000009bf51       0x39 ./system/src/cmsis/system_stm32f1xx.o
                                      0x93a73 (size before relaxing)
 .debug_str     0x000000000009bf8a       0x59 ./system/src/cmsis/vectors_stm32f103x6.o
                                       0x3e4e (size before relaxing)
 .debug_str     0x000000000009bfe3       0x35 ./src/initialize-hardware.o
                                      0x96d9a (size before relaxing)
 .debug_str     0x000000000009c018     0x2231 ./src/main.o
                                       0xa059 (size before relaxing)
 .debug_str     0x000000000009e249       0x3d ./src/stm32f1xx_hal_msp.o
                                      0x939d9 (size before relaxing)

.debug_loc
 *(.debug_loc)

.debug_macinfo
 *(.debug_macinfo)

.debug_weaknames
 *(.debug_weaknames)

.debug_funcnames
 *(.debug_funcnames)

.debug_typenames
 *(.debug_typenames)

.debug_varnames
 *(.debug_varnames)
OUTPUT(DS3231_sensor.elf elf32-littlearm)
LOAD linker stubs

.debug_loclists
                0x0000000000000000     0x1e4c
 .debug_loclists
                0x0000000000000000       0xbe ./system/src/stm32f1-hal/stm32f1xx_hal.o
 .debug_loclists
                0x00000000000000be      0x490 ./system/src/stm32f1-hal/stm32f1xx_hal_cortex.o
 .debug_loclists
                0x000000000000054e      0x478 ./system/src/stm32f1-hal/stm32f1xx_hal_rcc.o
 .debug_loclists
                0x00000000000009c6       0x69 ./system/src/newlib/sbrk.o
 .debug_loclists
                0x0000000000000a2f      0x1bc ./system/src/newlib/startup.o
 .debug_loclists
                0x0000000000000beb      0xbfa ./system/src/newlib/syscalls.o
 .debug_loclists
                0x00000000000017e5       0xf5 ./system/src/diag/trace-impl.o
 .debug_loclists
                0x00000000000018da       0xb2 ./system/src/diag/trace.o
 .debug_loclists
                0x000000000000198c      0x33e ./system/src/cortexm/exception-handlers.o
 .debug_loclists
                0x0000000000001cca       0xa5 ./system/src/cmsis/system_stm32f1xx.o
 .debug_loclists
                0x0000000000001d6f       0x48 ./src/initialize-hardware.o
 .debug_loclists
                0x0000000000001db7       0x95 ./src/main.o

.debug_rnglists
                0x0000000000000000      0x473
 .debug_rnglists
                0x0000000000000000       0xa3 ./system/src/stm32f1-hal/stm32f1xx_hal.o
 .debug_rnglists
                0x00000000000000a3       0xc7 ./system/src/stm32f1-hal/stm32f1xx_hal_cortex.o
 .debug_rnglists
                0x000000000000016a       0x7f ./system/src/stm32f1-hal/stm32f1xx_hal_rcc.o
 .debug_rnglists
                0x00000000000001e9       0x13 ./system/src/newlib/sbrk.o
 .debug_rnglists
                0x00000000000001fc       0x2c ./system/src/newlib/startup.o
 .debug_rnglists
                0x0000000000000228       0xe3 ./system/src/newlib/syscalls.o
 .debug_rnglists
                0x000000000000030b       0x2b ./system/src/diag/trace-impl.o
 .debug_rnglists
                0x0000000000000336       0x25 ./system/src/diag/trace.o
 .debug_rnglists
                0x000000000000035b       0x6f ./system/src/cortexm/exception-handlers.o
 .debug_rnglists
                0x00000000000003ca       0x19 ./system/src/cortexm/initialize-hardware.o
 .debug_rnglists
                0x00000000000003e3       0x1a ./system/src/cmsis/system_stm32f1xx.o
 .debug_rnglists
                0x00000000000003fd       0x13 ./system/src/cmsis/vectors_stm32f103x6.o
 .debug_rnglists
                0x0000000000000410       0x1f ./src/initialize-hardware.o
 .debug_rnglists
                0x000000000000042f       0x1f ./src/main.o
 .debug_rnglists
                0x000000000000044e       0x25 ./src/stm32f1xx_hal_msp.o

.debug_macro    0x0000000000000000    0x1ac08
 .debug_macro   0x0000000000000000      0x2e5 ./system/src/stm32f1-hal/stm32f1xx_hal.o
 .debug_macro   0x00000000000002e5      0xac0 ./system/src/stm32f1-hal/stm32f1xx_hal.o
 .debug_macro   0x0000000000000da5      0x2c8 ./system/src/stm32f1-hal/stm32f1xx_hal.o
 .debug_macro   0x000000000000106d       0x2e ./system/src/stm32f1-hal/stm32f1xx_hal.o
 .debug_macro   0x000000000000109b       0x22 ./system/src/stm32f1-hal/stm32f1xx_hal.o
 .debug_macro   0x00000000000010bd       0x22 ./system/src/stm32f1-hal/stm32f1xx_hal.o
 .debug_macro   0x00000000000010df       0x8e ./system/src/stm32f1-hal/stm32f1xx_hal.o
 .debug_macro   0x000000000000116d       0x51 ./system/src/stm32f1-hal/stm32f1xx_hal.o
 .debug_macro   0x00000000000011be      0x103 ./system/src/stm32f1-hal/stm32f1xx_hal.o
 .debug_macro   0x00000000000012c1       0x6a ./system/src/stm32f1-hal/stm32f1xx_hal.o
 .debug_macro   0x000000000000132b      0x1df ./system/src/stm32f1-hal/stm32f1xx_hal.o
 .debug_macro   0x000000000000150a       0x1c ./system/src/stm32f1-hal/stm32f1xx_hal.o
 .debug_macro   0x0000000000001526       0x22 ./system/src/stm32f1-hal/stm32f1xx_hal.o
 .debug_macro   0x0000000000001548       0xbd ./system/src/stm32f1-hal/stm32f1xx_hal.o
 .debug_macro   0x0000000000001605      0xd23 ./system/src/stm32f1-hal/stm32f1xx_hal.o
 .debug_macro   0x0000000000002328     0xde6e ./system/src/stm32f1-hal/stm32f1xx_hal.o
 .debug_macro   0x0000000000010196       0x43 ./system/src/stm32f1-hal/stm32f1xx_hal.o
 .debug_macro   0x00000000000101d9     0x3468 ./system/src/stm32f1-hal/stm32f1xx_hal.o
 .debug_macro   0x0000000000013641      0x189 ./system/src/stm32f1-hal/stm32f1xx_hal.o
 .debug_macro   0x00000000000137ca       0x5c ./system/src/stm32f1-hal/stm32f1xx_hal.o
 .debug_macro   0x0000000000013826      0x5be ./system/src/stm32f1-hal/stm32f1xx_hal.o
 .debug_macro   0x0000000000013de4      0x1b7 ./system/src/stm32f1-hal/stm32f1xx_hal.o
 .debug_macro   0x0000000000013f9b      0x1cb ./system/src/stm32f1-hal/stm32f1xx_hal.o
 .debug_macro   0x0000000000014166      0x114 ./system/src/stm32f1-hal/stm32f1xx_hal.o
 .debug_macro   0x000000000001427a      0x1b2 ./system/src/stm32f1-hal/stm32f1xx_hal.o
 .debug_macro   0x000000000001442c       0x27 ./system/src/stm32f1-hal/stm32f1xx_hal.o
 .debug_macro   0x0000000000014453      0x12f ./system/src/stm32f1-hal/stm32f1xx_hal.o
 .debug_macro   0x0000000000014582      0x1bc ./system/src/stm32f1-hal/stm32f1xx_hal.o
 .debug_macro   0x000000000001473e       0x34 ./system/src/stm32f1-hal/stm32f1xx_hal.o
 .debug_macro   0x0000000000014772       0x3c ./system/src/stm32f1-hal/stm32f1xx_hal.o
 .debug_macro   0x00000000000147ae      0x408 ./system/src/stm32f1-hal/stm32f1xx_hal.o
 .debug_macro   0x0000000000014bb6       0x57 ./system/src/stm32f1-hal/stm32f1xx_hal.o
 .debug_macro   0x0000000000014c0d      0x46a ./system/src/stm32f1-hal/stm32f1xx_hal.o
 .debug_macro   0x0000000000015077      0x1b5 ./system/src/stm32f1-hal/stm32f1xx_hal.o
 .debug_macro   0x000000000001522c       0x22 ./system/src/stm32f1-hal/stm32f1xx_hal.o
 .debug_macro   0x000000000001524e       0x88 ./system/src/stm32f1-hal/stm32f1xx_hal.o
 .debug_macro   0x00000000000152d6      0x183 ./system/src/stm32f1-hal/stm32f1xx_hal.o
 .debug_macro   0x0000000000015459      0x287 ./system/src/stm32f1-hal/stm32f1xx_hal.o
 .debug_macro   0x00000000000156e0       0x78 ./system/src/stm32f1-hal/stm32f1xx_hal.o
 .debug_macro   0x0000000000015758      0x141 ./system/src/stm32f1-hal/stm32f1xx_hal.o
 .debug_macro   0x0000000000015899      0x1ef ./system/src/stm32f1-hal/stm32f1xx_hal.o
 .debug_macro   0x0000000000015a88       0xec ./system/src/stm32f1-hal/stm32f1xx_hal.o
 .debug_macro   0x0000000000015b74      0x217 ./system/src/stm32f1-hal/stm32f1xx_hal.o
 .debug_macro   0x0000000000015d8b      0x8d1 ./system/src/stm32f1-hal/stm32f1xx_hal.o
 .debug_macro   0x000000000001665c      0x26b ./system/src/stm32f1-hal/stm32f1xx_hal.o
 .debug_macro   0x00000000000168c7      0x217 ./system/src/stm32f1-hal/stm32f1xx_hal.o
 .debug_macro   0x0000000000016ade      0x1a7 ./system/src/stm32f1-hal/stm32f1xx_hal.o
 .debug_macro   0x0000000000016c85      0x2cd ./system/src/stm32f1-hal/stm32f1xx_hal.o
 .debug_macro   0x0000000000016f52       0x8d ./system/src/stm32f1-hal/stm32f1xx_hal.o
 .debug_macro   0x0000000000016fdf       0x65 ./system/src/stm32f1-hal/stm32f1xx_hal.o
 .debug_macro   0x0000000000017044      0x249 ./system/src/stm32f1-hal/stm32f1xx_hal.o
 .debug_macro   0x000000000001728d       0x69 ./system/src/stm32f1-hal/stm32f1xx_hal.o
 .debug_macro   0x00000000000172f6      0x2c1 ./system/src/stm32f1-hal/stm32f1xx_hal_cortex.o
 .debug_macro   0x00000000000175b7      0x2d3 ./system/src/stm32f1-hal/stm32f1xx_hal_rcc.o
 .debug_macro   0x000000000001788a      0x163 ./system/src/newlib/sbrk.o
 .debug_macro   0x00000000000179ed       0x10 ./system/src/newlib/sbrk.o
 .debug_macro   0x00000000000179fd      0x23c ./system/src/newlib/sbrk.o
 .debug_macro   0x0000000000017c39      0x174 ./system/src/newlib/startup.o
 .debug_macro   0x0000000000017dad       0x7b ./system/src/newlib/startup.o
 .debug_macro   0x0000000000017e28      0x2dd ./system/src/newlib/syscalls.o
 .debug_macro   0x0000000000018105       0x10 ./system/src/newlib/syscalls.o
 .debug_macro   0x0000000000018115       0x10 ./system/src/newlib/syscalls.o
 .debug_macro   0x0000000000018125       0x10 ./system/src/newlib/syscalls.o
 .debug_macro   0x0000000000018135       0x35 ./system/src/newlib/syscalls.o
 .debug_macro   0x000000000001816a      0x12c ./system/src/newlib/syscalls.o
 .debug_macro   0x0000000000018296      0x22a ./system/src/newlib/syscalls.o
 .debug_macro   0x00000000000184c0       0x10 ./system/src/newlib/syscalls.o
 .debug_macro   0x00000000000184d0       0x1c ./system/src/newlib/syscalls.o
 .debug_macro   0x00000000000184ec       0x10 ./system/src/newlib/syscalls.o
 .debug_macro   0x00000000000184fc       0x10 ./system/src/newlib/syscalls.o
 .debug_macro   0x000000000001850c       0x16 ./system/src/newlib/syscalls.o
 .debug_macro   0x0000000000018522      0x170 ./system/src/newlib/syscalls.o
 .debug_macro   0x0000000000018692       0x16 ./system/src/newlib/syscalls.o
 .debug_macro   0x00000000000186a8       0xce ./system/src/newlib/syscalls.o
 .debug_macro   0x0000000000018776      0x242 ./system/src/newlib/syscalls.o
 .debug_macro   0x00000000000189b8       0x16 ./system/src/newlib/syscalls.o
 .debug_macro   0x00000000000189ce       0x3a ./system/src/newlib/syscalls.o
 .debug_macro   0x0000000000018a08      0x11f ./system/src/newlib/syscalls.o
 .debug_macro   0x0000000000018b27      0x190 ./system/src/newlib/syscalls.o
 .debug_macro   0x0000000000018cb7       0x16 ./system/src/newlib/syscalls.o
 .debug_macro   0x0000000000018ccd       0x22 ./system/src/newlib/syscalls.o
 .debug_macro   0x0000000000018cef      0x3f7 ./system/src/diag/trace-impl.o
 .debug_macro   0x00000000000190e6       0x10 ./system/src/diag/trace-impl.o
 .debug_macro   0x00000000000190f6      0x1f4 ./system/src/diag/trace.o
 .debug_macro   0x00000000000192ea       0x16 ./system/src/diag/trace.o
 .debug_macro   0x0000000000019300       0x9e ./system/src/diag/trace.o
 .debug_macro   0x000000000001939e      0x10b ./system/src/diag/trace.o
 .debug_macro   0x00000000000194a9       0x16 ./system/src/diag/trace.o
 .debug_macro   0x00000000000194bf       0x4c ./system/src/diag/trace.o
 .debug_macro   0x000000000001950b       0xc1 ./system/src/diag/trace.o
 .debug_macro   0x00000000000195cc      0x46a ./system/src/cortexm/exception-handlers.o
 .debug_macro   0x0000000000019a36       0x10 ./system/src/cortexm/exception-handlers.o
 .debug_macro   0x0000000000019a46      0x2cb ./system/src/cortexm/initialize-hardware.o
 .debug_macro   0x0000000000019d11      0x2c1 ./system/src/cmsis/system_stm32f1xx.o
 .debug_macro   0x0000000000019fd2       0x73 ./system/src/cmsis/vectors_stm32f103x6.o
 .debug_macro   0x000000000001a045      0x3dc ./src/initialize-hardware.o
 .debug_macro   0x000000000001a421      0x23e ./src/main.o
 .debug_macro   0x000000000001a65f       0x9e ./src/main.o
 .debug_macro   0x000000000001a6fd      0x112 ./src/main.o
 .debug_macro   0x000000000001a80f      0x138 ./src/main.o
 .debug_macro   0x000000000001a947      0x2c1 ./src/stm32f1xx_hal_msp.o
